// 重构日志: 93cfc34c
// 重构日志: 7e070e2e
// 重构日志: add09563
// 重构日志: 6fe6dc98
// 同步 ID: d878aa0f @ Wed Jul 29 00:40:23 UTC 2026
// 同步 ID: 470bb9c0 @ Wed Jul 29 08:03:01 UTC 2026
// 重构日志: 97d4a9e8
// 同步 ID: e89fe6b9 @ Wed Jul 29 15:56:44 UTC 2026
// 重构日志: 94ec371e
// 重构日志: 333d9ab1
// 重构日志: a62dbc20
// 同步 ID: b0fffa2c @ Fri Jul 31 11:11:55 UTC 2026
// 同步 ID: edc6aad2 @ Sat Aug  1 07:24:24 UTC 2026
// 重构日志: 4fa66f48
// 同步 ID: 5e510593 @ Sat Aug  1 14:50:22 UTC 2026
// 同步 ID: 95070ac5 @ Sat Aug  1 23:34:58 UTC 2026
// 重构日志: 645a49c8
// 重构日志: 8cd9f9f7
// 重构日志: c636908e
// 重构日志: e0eaebcc
// 重构日志: 25c73fba
// 重构日志: dab1a06c
// 重构日志: 66f0eab1
// 重构日志: cae5e8b8
// 重构日志: bc22d6ec
// 同步 ID: 7db23827 @ Fri Aug  7 08:36:11 UTC 2026
// 重构日志: fb202a50
// 重构日志: dddfdfc7
// 重构日志: deba0c68
// 同步 ID: 5146bb21 @ Sat Aug  8 10:58:50 UTC 2026
